ERROR: value of 'strikethrough_color' attribute on <span> tag should be a color specification, not 'rot'