ERROR: value of 'foreground' attribute on <span> tag should be a color specification, not '#2222333344445555a'