ERROR: attribute 'foo' is not allowed on the <span> tag